// Jest Snapshot v1, https://goo.gl/fbAQLP

exports[`App Integration Test should matches snapshot 1`] = `
<DocumentFragment>
  <div
    class="ug-app"
  >
    <header
      class="ug-navbar"
      data-testid="ug-navbar"
    >
      <img
        alt="Uber Giphy"
        class="ug-navbar__icon"
        src="logo.svg"
        title="Click to resume to initial state"
      />
      <div
        class="ug-searchbar ug-navbar__search"
        data-testid="ug-searchbar"
      >
        <input
          class="ug-searchbar__input"
          data-testid="ug-searchbar__input"
          placeholder="Search Giphy..."
          type="text"
          value=""
        />
      </div>
      <div
        class="ug-navbar__button-group"
      >
        <img
          alt="Single Column Layout"
          class="ug-icon-button 
              ug-navbar__button
              ug-icon-button--is-active
            "
          data-testid="ug-icon-button"
          src="single-column.svg"
        />
        <img
          alt="Three Columns Layout"
          class="ug-icon-button 
              ug-navbar__button
              
            "
          data-testid="ug-icon-button"
          src="three-columns.svg"
        />
      </div>
    </header>
    <section
      class="ug-layout"
      data-testid="ug-layout"
    >
      <ul
        class="
        ug-list
        ug-list--single-column
        ug-list--no-results
        ug-list--is-pristine
     "
        data-testid="ug-list"
      >
        <li
          class="ug-list__item ug-list__item--is-pristine"
        >
          <h2
            class="ug-list__item-title"
          >
            Uber Giphy
          </h2>
          <h4
            class="ug-list__item-subtitle"
          >
            crafted by kavare
            <span
              aria-label="love"
              role="img"
            >
               😊 
            </span>
          </h4>
        </li>
      </ul>
    </section>
  </div>
</DocumentFragment>
`;
